{
  "version": "1.5.0",
  "plugins_used": [
    {
      "name": "ArtifactoryDetector"
    },
    {
      "name": "AWSKeyDetector"
    },
    {
      "name": "AzureStorageKeyDetector"
    },
    {
      "name": "Base64HighEntropyString",
      "limit": 4.5
    },
    {
      "name": "BasicAuthDetector"
    },
    {
      "name": "CloudantDetector"
    },
    {
      "name": "DiscordBotTokenDetector"
    },
    {
      "name": "GitHubTokenDetector"
    },
    {
      "name": "GitLabTokenDetector"
    },
    {
      "name": "HexHighEntropyString",
      "limit": 3.0
    },
    {
      "name": "IbmCloudIamDetector"
    },
    {
      "name": "IbmCosHmacDetector"
    },
    {
      "name": "IPPublicDetector"
    },
    {
      "name": "JwtTokenDetector"
    },
    {
      "name": "KeywordDetector",
      "keyword_exclude": ""
    },
    {
      "name": "MailchimpDetector"
    },
    {
      "name": "NpmDetector"
    },
    {
      "name": "OpenAIDetector"
    },
    {
      "name": "PrivateKeyDetector"
    },
    {
      "name": "PypiTokenDetector"
    },
    {
      "name": "SendGridDetector"
    },
    {
      "name": "SlackDetector"
    },
    {
      "name": "SoftlayerDetector"
    },
    {
      "name": "SquareOAuthDetector"
    },
    {
      "name": "StripeDetector"
    },
    {
      "name": "TelegramBotTokenDetector"
    },
    {
      "name": "TwilioKeyDetector"
    }
  ],
  "filters_used": [
    {
      "path": "detect_secrets.filters.allowlist.is_line_allowlisted"
    },
    {
      "path": "detect_secrets.filters.common.is_baseline_file",
      "filename": ".secrets.baseline"
    },
    {
      "path": "detect_secrets.filters.common.is_ignored_due_to_verification_policies",
      "min_level": 2
    },
    {
      "path": "detect_secrets.filters.heuristic.is_indirect_reference"
    },
    {
      "path": "detect_secrets.filters.heuristic.is_likely_id_string"
    },
    {
      "path": "detect_secrets.filters.heuristic.is_lock_file"
    },
    {
      "path": "detect_secrets.filters.heuristic.is_not_alphanumeric_string"
    },
    {
      "path": "detect_secrets.filters.heuristic.is_potential_uuid"
    },
    {
      "path": "detect_secrets.filters.heuristic.is_prefixed_with_dollar_sign"
    },
    {
      "path": "detect_secrets.filters.heuristic.is_sequential_string"
    },
    {
      "path": "detect_secrets.filters.heuristic.is_swagger_file"
    },
    {
      "path": "detect_secrets.filters.heuristic.is_templated_secret"
    }
  ],
  "results": {
    ".github/workflows/ci.yml": [
      {
        "type": "Private Key",
        "filename": ".github/workflows/ci.yml",
        "hashed_secret": "be4fc4886bd949b369d5e092eb87494f12e57e5b",
        "is_verified": false,
        "line_number": 1285
      },
      {
        "type": "Secret Keyword",
        "filename": ".github/workflows/ci.yml",
        "hashed_secret": "252a9b88e3aa9511a6c16a9f42e8c2ec9face491",
        "is_verified": false,
        "line_number": 1450
      }
    ],
    ".pre-commit-config.yaml": [
      {
        "type": "Secret Keyword",
        "filename": ".pre-commit-config.yaml",
        "hashed_secret": "82fbb9d8c42a935fd85afdf1f863cb81af3b72ad",
        "is_verified": false,
        "line_number": 101
      }
    ],
    "charts/stampbot/ci/autoscaling-values.yaml": [
      {
        "type": "Secret Keyword",
        "filename": "charts/stampbot/ci/autoscaling-values.yaml",
        "hashed_secret": "8d8d5c7ee39d349b55ff935cb191ac7fa3daa540",
        "is_verified": false,
        "line_number": 30
      }
    ],
    "charts/stampbot/ci/default-values.yaml": [
      {
        "type": "Secret Keyword",
        "filename": "charts/stampbot/ci/default-values.yaml",
        "hashed_secret": "8d8d5c7ee39d349b55ff935cb191ac7fa3daa540",
        "is_verified": false,
        "line_number": 28
      }
    ],
    "charts/stampbot/ci/ingress-values.yaml": [
      {
        "type": "Secret Keyword",
        "filename": "charts/stampbot/ci/ingress-values.yaml",
        "hashed_secret": "8d8d5c7ee39d349b55ff935cb191ac7fa3daa540",
        "is_verified": false,
        "line_number": 25
      }
    ],
    "charts/stampbot/ci/networkpolicy-values.yaml": [
      {
        "type": "Secret Keyword",
        "filename": "charts/stampbot/ci/networkpolicy-values.yaml",
        "hashed_secret": "8d8d5c7ee39d349b55ff935cb191ac7fa3daa540",
        "is_verified": false,
        "line_number": 26
      }
    ],
    "charts/stampbot/ci/servicemonitor-values.yaml": [
      {
        "type": "Secret Keyword",
        "filename": "charts/stampbot/ci/servicemonitor-values.yaml",
        "hashed_secret": "8d8d5c7ee39d349b55ff935cb191ac7fa3daa540",
        "is_verified": false,
        "line_number": 26
      }
    ],
    "charts/stampbot/tests/deployment_test.yaml": [
      {
        "type": "Secret Keyword",
        "filename": "charts/stampbot/tests/deployment_test.yaml",
        "hashed_secret": "3acfb2c2b433c0ea7ff107e33df91b18e52f960f",
        "is_verified": false,
        "line_number": 13
      },
      {
        "type": "Secret Keyword",
        "filename": "charts/stampbot/tests/deployment_test.yaml",
        "hashed_secret": "fe1bae27cb7c1fb823f496f286e78f1d2ae87734",
        "is_verified": false,
        "line_number": 14
      },
      {
        "type": "Secret Keyword",
        "filename": "charts/stampbot/tests/deployment_test.yaml",
        "hashed_secret": "ab05153182e60b6d55f4c7e5cef55feffe4c177a",
        "is_verified": false,
        "line_number": 181
      }
    ],
    "charts/stampbot/tests/externalsecret_test.yaml": [
      {
        "type": "Secret Keyword",
        "filename": "charts/stampbot/tests/externalsecret_test.yaml",
        "hashed_secret": "f73a9ab4bd7ef8e8d39319543b6b6d1679d6b326",
        "is_verified": false,
        "line_number": 62
      },
      {
        "type": "Secret Keyword",
        "filename": "charts/stampbot/tests/externalsecret_test.yaml",
        "hashed_secret": "c85d0bb157458249c81e06b0bbf04568c7c38204",
        "is_verified": false,
        "line_number": 66
      }
    ],
    "charts/stampbot/tests/ingress_test.yaml": [
      {
        "type": "Secret Keyword",
        "filename": "charts/stampbot/tests/ingress_test.yaml",
        "hashed_secret": "d11bfbf73363429d9988e3b42a3ef2b69e48579d",
        "is_verified": false,
        "line_number": 53
      }
    ],
    "charts/stampbot/tests/secret_test.yaml": [
      {
        "type": "Secret Keyword",
        "filename": "charts/stampbot/tests/secret_test.yaml",
        "hashed_secret": "b944007afe7170932633367f7f046f6838a0f46a",
        "is_verified": false,
        "line_number": 13
      },
      {
        "type": "Secret Keyword",
        "filename": "charts/stampbot/tests/secret_test.yaml",
        "hashed_secret": "e3694c1417723ec08d5b724fd101b28c5611ebd1",
        "is_verified": false,
        "line_number": 14
      },
      {
        "type": "Secret Keyword",
        "filename": "charts/stampbot/tests/secret_test.yaml",
        "hashed_secret": "ab05153182e60b6d55f4c7e5cef55feffe4c177a",
        "is_verified": false,
        "line_number": 43
      }
    ],
    "charts/stampbot/tests/test-webhook_test.yaml": [
      {
        "type": "Secret Keyword",
        "filename": "charts/stampbot/tests/test-webhook_test.yaml",
        "hashed_secret": "ab05153182e60b6d55f4c7e5cef55feffe4c177a",
        "is_verified": false,
        "line_number": 35
      }
    ],
    "charts/stampbot/values.yaml": [
      {
        "type": "Secret Keyword",
        "filename": "charts/stampbot/values.yaml",
        "hashed_secret": "8bb2b3dac1d7aef68ecffe7aa5c2a6bdae265072",
        "is_verified": false,
        "line_number": 254
      },
      {
        "type": "Secret Keyword",
        "filename": "charts/stampbot/values.yaml",
        "hashed_secret": "f73a9ab4bd7ef8e8d39319543b6b6d1679d6b326",
        "is_verified": false,
        "line_number": 274
      },
      {
        "type": "Secret Keyword",
        "filename": "charts/stampbot/values.yaml",
        "hashed_secret": "c85d0bb157458249c81e06b0bbf04568c7c38204",
        "is_verified": false,
        "line_number": 278
      },
      {
        "type": "Secret Keyword",
        "filename": "charts/stampbot/values.yaml",
        "hashed_secret": "46e771001d78c2bd14d09a05c7acdae3de857788",
        "is_verified": false,
        "line_number": 282
      }
    ],
    "tests/conftest.py": [
      {
        "type": "Private Key",
        "filename": "tests/conftest.py",
        "hashed_secret": "be4fc4886bd949b369d5e092eb87494f12e57e5b",
        "is_verified": false,
        "line_number": 14
      }
    ],
    "tests/fixtures/pr_labeled_autoapprove.json": [
      {
        "type": "Hex High Entropy String",
        "filename": "tests/fixtures/pr_labeled_autoapprove.json",
        "hashed_secret": "90bd1b48e958257948487b90bee080ba5ed00caa",
        "is_verified": false,
        "line_number": 47
      },
      {
        "type": "Hex High Entropy String",
        "filename": "tests/fixtures/pr_labeled_autoapprove.json",
        "hashed_secret": "267e8028aee7bd18ee973796939199d23f94325e",
        "is_verified": false,
        "line_number": 52
      }
    ],
    "tests/fixtures/pr_opened_no_labels.json": [
      {
        "type": "Hex High Entropy String",
        "filename": "tests/fixtures/pr_opened_no_labels.json",
        "hashed_secret": "357903bc2032b05ff3e601019637987eb21e1427",
        "is_verified": false,
        "line_number": 28
      },
      {
        "type": "Hex High Entropy String",
        "filename": "tests/fixtures/pr_opened_no_labels.json",
        "hashed_secret": "267e8028aee7bd18ee973796939199d23f94325e",
        "is_verified": false,
        "line_number": 33
      }
    ],
    "tests/fixtures/pr_opened_with_autoapprove_label.json": [
      {
        "type": "Hex High Entropy String",
        "filename": "tests/fixtures/pr_opened_with_autoapprove_label.json",
        "hashed_secret": "90bd1b48e958257948487b90bee080ba5ed00caa",
        "is_verified": false,
        "line_number": 55
      },
      {
        "type": "Hex High Entropy String",
        "filename": "tests/fixtures/pr_opened_with_autoapprove_label.json",
        "hashed_secret": "267e8028aee7bd18ee973796939199d23f94325e",
        "is_verified": false,
        "line_number": 70
      }
    ],
    "tests/fixtures/pr_unlabeled_autoapprove.json": [
      {
        "type": "Hex High Entropy String",
        "filename": "tests/fixtures/pr_unlabeled_autoapprove.json",
        "hashed_secret": "90bd1b48e958257948487b90bee080ba5ed00caa",
        "is_verified": false,
        "line_number": 37
      },
      {
        "type": "Hex High Entropy String",
        "filename": "tests/fixtures/pr_unlabeled_autoapprove.json",
        "hashed_secret": "267e8028aee7bd18ee973796939199d23f94325e",
        "is_verified": false,
        "line_number": 42
      }
    ],
    "tests/test_config.py": [
      {
        "type": "Secret Keyword",
        "filename": "tests/test_config.py",
        "hashed_secret": "a62f2225bf70bfaccbc7f1ef2a397836717377de",
        "is_verified": false,
        "line_number": 141
      },
      {
        "type": "Secret Keyword",
        "filename": "tests/test_config.py",
        "hashed_secret": "e5e9fa1ba31ecd1ae84f75caaa474f3a663f05f4",
        "is_verified": false,
        "line_number": 142
      }
    ],
    "tests/test_github_client.py": [
      {
        "type": "Private Key",
        "filename": "tests/test_github_client.py",
        "hashed_secret": "be4fc4886bd949b369d5e092eb87494f12e57e5b",
        "is_verified": false,
        "line_number": 11
      }
    ],
    "tests/test_manifest.py": [
      {
        "type": "Private Key",
        "filename": "tests/test_manifest.py",
        "hashed_secret": "be4fc4886bd949b369d5e092eb87494f12e57e5b",
        "is_verified": false,
        "line_number": 225
      },
      {
        "type": "Secret Keyword",
        "filename": "tests/test_manifest.py",
        "hashed_secret": "fe1bae27cb7c1fb823f496f286e78f1d2ae87734",
        "is_verified": false,
        "line_number": 226
      },
      {
        "type": "Secret Keyword",
        "filename": "tests/test_manifest.py",
        "hashed_secret": "ab2bf873e7a77f787d5c8b53d196c659cd146497",
        "is_verified": false,
        "line_number": 230
      }
    ],
    "tests/test_setup_endpoints.py": [
      {
        "type": "Private Key",
        "filename": "tests/test_setup_endpoints.py",
        "hashed_secret": "be4fc4886bd949b369d5e092eb87494f12e57e5b",
        "is_verified": false,
        "line_number": 346
      },
      {
        "type": "Secret Keyword",
        "filename": "tests/test_setup_endpoints.py",
        "hashed_secret": "fe1bae27cb7c1fb823f496f286e78f1d2ae87734",
        "is_verified": false,
        "line_number": 347
      },
      {
        "type": "Secret Keyword",
        "filename": "tests/test_setup_endpoints.py",
        "hashed_secret": "5c5a15a8b0b3e154d77746945e563ba40100681b",
        "is_verified": false,
        "line_number": 372
      }
    ]
  },
  "generated_at": "2026-07-23T21:32:52Z"
}
